[root@localhost memfabric_hybrid]# python3 examples/kv_offload/sparse_copy_urma/02_host_device_urma.py   --local-dram-validation --rank 0 --head-ip 127.0.0.1 --sizes 4096 --batch-counts 1
[DEBUG] stage=local_options role=host pid=57824 rank=0 logical_device=5 runtime_device=0 physical_device=5 detail=physical_device_id=5 logical_device_id=5 runtime_device_id=0 visible_devices=5,6 logical_count=2 physical_device_visible_index=0 host_eid=00000000003f030000100000df080b00 device_eid=000000000000020000100000df00a100 topology=server udma=udmac0d1e3
[DEBUG] stage=process_start role=host pid=57824 rank=0 logical_device=5 runtime_device=0 physical_device=5 detail=enter Host rank execution
[DEBUG] stage=local_environment role=host pid=57824 rank=0 logical_device=5 runtime_device=0 physical_device=5 detail=role_before=host visible_devices=5,6 logical_count=2 physical_device_visible_index=0 host_eid=00000000003f030000100000df080b00 device_eid=000000000000020000100000df00a100
[DEBUG] stage=local_environment role=host pid=57824 rank=0 logical_device=5 runtime_device=0 physical_device=5 detail=configured MF_LOCAL_DRAM_VALIDATION_ROLE=host and MF_HOST_URMA_EID
[DEBUG] stage=acl_context role=host pid=57824 rank=0 logical_device=5 runtime_device=0 physical_device=5 detail=before aclrtSetDevice runtime_device_id=0 discovered_logical_device=5 physical_device=5 visible_devices=5,6 logical_count=2 physical_device_visible_index=0










[DEBUG] stage=acl_context role=host pid=57824 rank=0 logical_device=5 runtime_device=0 physical_device=5 detail=torch_npu_device_count=2
[DEBUG] stage=acl_context role=host pid=57824 rank=0 logical_device=5 runtime_device=0 physical_device=5 detail=aclrtSetDevice completed current_device=0
[DEBUG] stage=runtime_log_level role=host pid=57824 rank=0 logical_device=5 runtime_device=0 physical_device=5 detail=mf_log_level=0 local_validation=True MF_LOG_LEVEL=0 ASCEND_MF_LOG_LEVEL=unset
[DEBUG] stage=mf_initialize role=host pid=57824 rank=0 logical_device=5 runtime_device=0 physical_device=5 detail=calling mf.initialize for Host rank
2026-08-10 20:56:09.301821 INFO [57824-57824][SMEM smem.cpp:39 smem_init] smem init successfully, library version: 1.2.0, build time: Aug 10 2026 20:43:37, commit: 01c8dbc37bd032e42644351c120c81124d5ab4ea
[DEBUG] stage=mf_initialize role=host pid=57824 rank=0 logical_device=5 runtime_device=0 physical_device=5 detail=Host rank mf.initialize returned ret=0
[DEBUG] stage=bm_lifecycle role=host pid=57824 rank=0 logical_device=5 runtime_device=0 physical_device=5 detail=creating Host handle store=tcp://127.0.0.1:8574 world_size=2 local_dram_size=1073741824 local_hbm_size=0
2026-08-10 20:56:09.302251 INFO [57824-58023][AccLink acc_tcp_link_delay_cleanup.h:116 RunInThread] AccDelay cleanup thread thread started
2026-08-10 20:56:09.302403 INFO [57824-58024][AccLink acc_tcp_worker.cpp:154 RunInThread] Worker [name AccWrk, index 0, cpu -1, thread-priority 0, poll-timeout-ms 500] progress thread started
2026-08-10 20:56:09.302533 INFO [57824-58025][AccLink acc_tcp_worker.cpp:154 RunInThread] Worker [name AccWrk, index 1, cpu -1, thread-priority 0, poll-timeout-ms 500] progress thread started
2026-08-10 20:56:09.302684 INFO [57824-58026][AccLink acc_tcp_listener.cpp:136 RunInThread] Acc listener accept thread for 127.0.0.1:8574 start ...
2026-08-10 20:56:09.302881 DEBUG [57824-57824][SMEM smem_tcp_config_store_server.cpp:111 Startup] startup acc tcp server on port: 8574
2026-08-10 20:56:09.302901 INFO [57824-57824][SMEM smem_tcp_config_store.cpp:157 Startup] start store server success, ip:127.0.0.1:8574
2026-08-10 20:56:09.302995 INFO [57824-58030][AccLink acc_tcp_link_delay_cleanup.h:116 RunInThread] AccDelay cleanup thread thread started
2026-08-10 20:56:09.303136 INFO [57824-58031][AccLink acc_tcp_worker.cpp:154 RunInThread] Worker [name AccWrk, index 0, cpu -1, thread-priority 0, poll-timeout-ms 500] progress thread started
2026-08-10 20:56:09.303261 INFO [57824-58032][AccLink acc_tcp_worker.cpp:154 RunInThread] Worker [name AccWrk, index 1, cpu -1, thread-priority 0, poll-timeout-ms 500] progress thread started
2026-08-10 20:56:09.303314 INFO [57824-57824][AccLink acc_tcp_server_default.cpp:515 ConnectToPeerServer] Trying to connect to 127.0.0.1:8574
2026-08-10 20:56:09.303466 INFO [57824-58026][AccLink acc_tcp_listener.cpp:210 ProcessNewConnection] Connected from 127.0.0.1:34150 successfully, ssl disable
2026-08-10 20:56:09.303515 INFO [57824-58026][SMEM smem_tcp_config_store_server.cpp:241 LinkConnectedHandler] New link connected, linkId: 1, worldSize: 2, rankId: 0 reconnect:0
2026-08-10 20:56:09.303526 INFO [57824-58026][SMEM smem_tcp_config_store_server.cpp:207 CanReceiveNewLink] change server state from INITED to NORMAL
2026-08-10 20:56:09.303599 INFO [57824-57824][AccLink acc_tcp_server_default.cpp:705 Handshake] Connect to 127.0.0.1:8574 successfully, with ssl disable
2026-08-10 20:56:09.303651 INFO [57824-57824][SMEM smem_tcp_config_store.cpp:166 Startup] connect store success, ip:127.0.0.1:8574
2026-08-10 20:56:09.303670 INFO [57824-57824][SMEM smem_bm_entry_manager.cpp:89 Initialize] initialize store(tcp://127.0.0.1:8574) world size(2) device(0) OK.
2026-08-10 20:56:09.303717 INFO [57824-57824][HYBM hybm_gva_version.cpp:92 CastDriverVersion] get driver verison:V100R001C10SPC001B086
2026-08-10 20:56:09.303728 DEBUG [57824-57824][HYBM hybm_gva_version.cpp:149 DriverVersionCheck] Driver version mismatch, Customer is too low, read:V100R001C10SPC001B086 base:V100R001C23SPC005B219
2026-08-10 20:56:09.303736 DEBUG [57824-57824][HYBM hybm_gva_version.cpp:149 DriverVersionCheck] Driver version mismatch, Customer is too low, read:V100R001C10SPC001B086 base:V100R001C21B035
2026-08-10 20:56:09.303742 DEBUG [57824-57824][HYBM hybm_gva_version.cpp:149 DriverVersionCheck] Driver version mismatch, Customer is too low, read:V100R001C10SPC001B086 base:V100R001C19SPC109B220
2026-08-10 20:56:09.303748 DEBUG [57824-57824][HYBM hybm_gva_version.cpp:149 DriverVersionCheck] Driver version mismatch, Customer is too low, read:V100R001C10SPC001B086 base:V100R001C18B100
2026-08-10 20:56:09.303755 DEBUG [57824-57824][HYBM hybm_gva_version.cpp:149 DriverVersionCheck] Driver version mismatch, Customer is too low, read:V100R001C10SPC001B086 base:V100R001C14B999
2026-08-10 20:56:09.303761 INFO [57824-57824][HYBM hybm_gva_version.cpp:199 HalGvaPrecheck] Driver version V5 found
2026-08-10 20:56:09.303982 DEBUG [57824-57824][HYBM dl_hccp_api.cpp:85 LoadLibrary] Loaded symbol RaSocketInit successfully
2026-08-10 20:56:09.303991 DEBUG [57824-57824][HYBM dl_hccp_api.cpp:86 LoadLibrary] Loaded symbol RaInit successfully
2026-08-10 20:56:09.303996 DEBUG [57824-57824][HYBM dl_hccp_api.cpp:87 LoadLibrary] Loaded symbol RaSocketDeinit successfully
2026-08-10 20:56:09.304001 DEBUG [57824-57824][HYBM dl_hccp_api.cpp:88 LoadLibrary] Loaded symbol RaRdevInitV2 successfully
2026-08-10 20:56:09.304006 DEBUG [57824-57824][HYBM dl_hccp_api.cpp:89 LoadLibrary] Loaded symbol RaRdevGetHandle successfully
2026-08-10 20:56:09.304011 DEBUG [57824-57824][HYBM dl_hccp_api.cpp:90 LoadLibrary] Loaded symbol RaSocketBatchConnect successfully
2026-08-10 20:56:09.304017 DEBUG [57824-57824][HYBM dl_hccp_api.cpp:92 LoadLibrary] Loaded symbol RaSocketBatchClose successfully
2026-08-10 20:56:09.304022 DEBUG [57824-57824][HYBM dl_hccp_api.cpp:94 LoadLibrary] Loaded symbol RaSocketListenStart successfully
2026-08-10 20:56:09.304027 DEBUG [57824-57824][HYBM dl_hccp_api.cpp:96 LoadLibrary] Loaded symbol RaSocketListenStop successfully
2026-08-10 20:56:09.304032 DEBUG [57824-57824][HYBM dl_hccp_api.cpp:98 LoadLibrary] Loaded symbol RaGetSockets successfully
2026-08-10 20:56:09.304037 DEBUG [57824-57824][HYBM dl_hccp_api.cpp:99 LoadLibrary] Loaded symbol RaGetIfnum successfully
2026-08-10 20:56:09.304042 DEBUG [57824-57824][HYBM dl_hccp_api.cpp:100 LoadLibrary] Loaded symbol RaGetIfaddrs successfully
2026-08-10 20:56:09.304047 DEBUG [57824-57824][HYBM dl_hccp_api.cpp:101 LoadLibrary] Loaded symbol RaSocketWhiteListAdd successfully
2026-08-10 20:56:09.304052 DEBUG [57824-57824][HYBM dl_hccp_api.cpp:103 LoadLibrary] Loaded symbol RaSocketWhiteListDel successfully
2026-08-10 20:56:09.304057 DEBUG [57824-57824][HYBM dl_hccp_api.cpp:105 LoadLibrary] Loaded symbol RaQpCreate successfully
2026-08-10 20:56:09.304062 DEBUG [57824-57824][HYBM dl_hccp_api.cpp:106 LoadLibrary] Loaded symbol RaQpCreateWithAttrs successfully
2026-08-10 20:56:09.304067 DEBUG [57824-57824][HYBM dl_hccp_api.cpp:108 LoadLibrary] Loaded symbol RaAiQpCreate successfully
2026-08-10 20:56:09.304072 DEBUG [57824-57824][HYBM dl_hccp_api.cpp:109 LoadLibrary] Loaded symbol RaQpDestroy successfully
2026-08-10 20:56:09.304077 DEBUG [57824-57824][HYBM dl_hccp_api.cpp:110 LoadLibrary] Loaded symbol RaGetQpStatus successfully
2026-08-10 20:56:09.304082 DEBUG [57824-57824][HYBM dl_hccp_api.cpp:111 LoadLibrary] Loaded symbol RaQpConnectAsync successfully
2026-08-10 20:56:09.304087 DEBUG [57824-57824][HYBM dl_hccp_api.cpp:112 LoadLibrary] Loaded symbol RaRegisterMr successfully
2026-08-10 20:56:09.304092 DEBUG [57824-57824][HYBM dl_hccp_api.cpp:113 LoadLibrary] Loaded symbol RaDeregisterMr successfully
2026-08-10 20:56:09.304097 DEBUG [57824-57824][HYBM dl_hccp_api.cpp:114 LoadLibrary] Loaded symbol RaSendWr successfully
2026-08-10 20:56:09.304101 DEBUG [57824-57824][HYBM dl_hccp_api.cpp:115 LoadLibrary] Loaded symbol RaSendWrV2 successfully
2026-08-10 20:56:09.304106 DEBUG [57824-57824][HYBM dl_hccp_api.cpp:116 LoadLibrary] Loaded symbol RaGetNotifyBaseAddr successfully
2026-08-10 20:56:09.304111 DEBUG [57824-57824][HYBM dl_hccp_api.cpp:118 LoadLibrary] Loaded symbol RaGetNotifyMrInfo successfully
2026-08-10 20:56:09.304116 INFO [57824-57824][HYBM dl_hccp_api.cpp:121 LoadLibrary] LoadLibrary for DlHccpApi success
2026-08-10 20:56:09.304127 INFO [57824-57824][HYBM dl_hccl_api.cpp:52 LoadLibrary] LoadLibrary for DlHcclApi success
2026-08-10 20:56:09.305388 WARN [57824-57824][HYBM dl_hcom_api.cpp:84 LoadLibrary] Unable to open library [libhcom.so], libhcom.so: cannot open shared object file: No such file or directory
2026-08-10 20:56:09.307430 DEBUG [57824-57824][HYBM dl_acl_api.cpp:146 operator()] success get soc name: Ascend950DT_9574
2026-08-10 20:56:09.307453 INFO [57824-57824][HYBM hybm_gva.cpp:167 hybm_init_hbm_gva] Success get deviceId: 0, logicDeviceId: 5 sco:3 ver:0
2026-08-10 20:56:09.307467 DEBUG [57824-57824][HYBM hybm_gva.cpp:181 hybm_init_hbm_gva] restore init flag
2026-08-10 20:56:09.309470 INFO [57824-57824][HYBM hybm_entry.cpp:116 hybm_init] hybm init successfully, library version: 1.2.0, build time: Aug 10 2026 20:43:35, commit: 01c8dbc37bd032e42644351c120c81124d5ab4ea, deviceId: 0
2026-08-10 20:56:09.309482 INFO [57824-57824][SMEM smem_bm.cpp:109 smem_bm_init] smem_bm_init success.  config_ip: tcp://127.0.0.1:8574
2026-08-10 20:56:09.309571 DEBUG [57824-57824][SMEM smem_bm_entry_manager.cpp:200 CreateEntryById] create new bm entry success, id: 0
2026-08-10 20:56:09.309697 DEBUG [57824-58025][SMEM smem_tcp_config_store_server.cpp:849 CasHandler] CAS REQUEST(0) for key(BM_(0)_check_rank_config_consistency) start, newValueStr: @
2026-08-10 20:56:09.309738 DEBUG [57824-58025][SMEM smem_tcp_config_store_server.cpp:873 CasHandler] CAS REQUEST(0) for key(BM_(0)_check_rank_config_consistency) finished, ret: 0 faled:0
2026-08-10 20:56:09.309809 DEBUG [57824-58032][SMEM smem_tcp_config_store.cpp:782 ReceiveResponseHandler] client received message: 0
2026-08-10 20:56:09.309861 DEBUG [57824-57824][SMEM smem_bm_entry.cpp:883 CheckRankConfigConsistency] first set for key: check_rank_config_consistency, config: maxHBMSize=0, maxDRAMSize=1073741824enable56BitsGva0
2026-08-10 20:56:09.309991 DEBUG [57824-58035][SMEM smem_net_group_engine.cpp:919 GroupListenEvent] GroupListenEvent start, rank:0
2026-08-10 20:56:09.310058 DEBUG [57824-58035][SMEM smem_tcp_config_store.cpp:611 Watch] watch for key: BM_(0)_D_EVENT, id: 1
2026-08-10 20:56:09.310069 DEBUG [57824-58035][SMEM smem_net_group_engine.cpp:894 ReWatchEvent] Watch group listen successfully, wid: 1
2026-08-10 20:56:09.310084 DEBUG [57824-58025][SMEM smem_tcp_config_store_server.cpp:579 WatchHandler] WATCH REQUEST(1) for key(BM_(0)_D_EVENT) start.
2026-08-10 20:56:09.410104 DEBUG [57824-58036][SMEM smem_net_group_engine.cpp:970 GroupListenLinkState] GroupListenLinkState start, rank:0
2026-08-10 20:56:09.410176 DEBUG [57824-58036][SMEM smem_tcp_config_store.cpp:639 Watch] send watch for rank down success, id: 2
2026-08-10 20:56:09.410188 INFO [57824-58036][SMEM smem_net_group_engine.cpp:909 ReWatchLinkDown] Watch link down event successfully, wid: 2
2026-08-10 20:56:09.410219 DEBUG [57824-58025][SMEM smem_tcp_config_store_server.cpp:930 WatchRankStateHandler] WATCH REQUEST(2) for key(WATCH_RANK_DOWN_KEY) finished, linkId: 1
2026-08-10 20:56:09.510245 INFO [57824-58037][SMEM smem_thread_pool.cpp:128 RunInThread] thread executor0 started.
2026-08-10 20:56:09.510269 INFO [57824-58038][SMEM smem_thread_pool.cpp:128 RunInThread] thread executor1 started.
2026-08-10 20:56:09.510327 DEBUG [57824-57824][HYBM hybm_entity_tag_info.cpp:47 AddRankTag] Success to add tag:HYBM_DEFAULT_TAG_FOR_EMPTY rankId:0
2026-08-10 20:56:09.510340 INFO [57824-57824][HYBM hybm_entity_tag_info.cpp:93 AddTagOpInfo] Add an empty tagOpInfo.
2026-08-10 20:56:09.510380 WARN [57824-57824][HYBM hybm_entity_tag_info.cpp:152 GetTag2TagOpType] Not find opType from tag1:HYBM_DEFAULT_TAG_FOR_EMPTY to tag2:HYBM_DEFAULT_TAG_FOR_EMPTY
2026-08-10 20:56:09.510391 DEBUG [57824-57824][HYBM hybm_entity_tag_info.cpp:86 AddOneTagOpInfo] Success to update tag1:HYBM_DEFAULT_TAG_FOR_EMPTY tag2:HYBM_DEFAULT_TAG_FOR_EMPTY op:1024
2026-08-10 20:56:09.510399 INFO [57824-57824][HYBM hybm_entity_default.cpp:106 InitTagManager] Success to init tag manager data op type:1024
2026-08-10 20:56:09.510443 INFO [57824-57824][HYBM dl_hcomm_api.cpp:94 LoadLibrary] LoadLibrary for DlHcommApi success
2026-08-10 20:56:09.510450 DEBUG [57824-57824][HYBM hybm_entity_default.cpp:1143 InitSegment] Initialize segment with type: HOST
2026-08-10 20:56:09.510480 DEBUG [57824-57824][HYBM hybm_mem_segment.cpp:283 FillSysBootIdInfo] os-boot-id: 3c27d98f-ae84-4710-a712-25022732ccb7, head u32: 3c27d98f
2026-08-10 20:56:09.510735 DEBUG [57824-57824][HYBM hybm_mem_segment.cpp:223 InitDeviceInfo] local server=0x0
2026-08-10 20:56:09.510773 DEBUG [57824-57824][HYBM hybm_mem_segment.cpp:246 InitDeviceInfo] local sdid=0x140005, local server=0x0, spid=ffffffff
2026-08-10 20:56:09.510801 WARN [57824-57824][HYBM compose_transport_manager.cpp:63 GetLocalDramValidationRole] validation-only local DRAM host role enabled; do not use in production, rankId=0
2026-08-10 20:56:09.737487 INFO [57824-57824][HYBM hcomm_transport_manager.cpp:242 HcommMemReg] urma try to register mem, addr: 0x4f77a620 size: 8 memType: HOST
2026-08-10 20:56:09.751598 DEBUG [57824-57824][HYBM host_urma_transport_manager.cpp:137 InitHostTransferFlagLocked] Host transfer flag registered, rankId: 0 addr: 4f77a620
2026-08-10 20:56:09.751609 INFO [57824-57824][HYBM host_urma_transport_manager.cpp:96 OpenDevice] HostUrmaTransportManager opened, rankId: 0
2026-08-10 20:56:09.751617 INFO [57824-57824][HYBM compose_transport_manager.cpp:155 OpenDevice] Success to open device rankId:0 protocol:1024 nic:device#tcp://127.0.0.1:10005;
2026-08-10 20:56:09.752441 DEBUG [57824-57824][HYBM hybm_va_manager.cpp:114 AddVaInfo] AddVaInfo success: AllocatedGvaInfo{gva: 0x0, size: 0x8000000, localRankId: 0, importRankId: 4294967295, memType: DEVICE, deviceVa: 0x12004e000000, hostVa: 0x0}
2026-08-10 20:56:09.752461 INFO [57824-57824][HYBM hcomm_transport_manager.cpp:242 HcommMemReg] urma try to register mem, addr: 0x12004e000000 size: 134217728 memType: HOST
2026-08-10 20:56:09.805623 ERROR [57824-57824][HYBM hcomm_transport_manager.cpp:246 HcommMemReg] urma HcommMemReg failed, addr: 12004e000000 size: 8000000 ret: 2
2026-08-10 20:56:09.805635 ERROR [57824-57824][HYBM host_urma_transport_manager.cpp:214 RegisterMemoryRegion] Failed to register memory region, addr: 12004e000000 size: 134217728 ret: -6
2026-08-10 20:56:09.805641 ERROR [57824-57824][HYBM compose_transport_manager.cpp:188 RegisterMemoryRegion] Failed to register memory region MemoryRegion(size=0x8000000, addr=0x12004e000000, access=0x7, flags=0x2)
2026-08-10 20:56:09.805647 ERROR [57824-57824][HYBM hybm_data_op_device_urma.cpp:88 Initialize] Failed to register urma swap memory, size: 134217728
2026-08-10 20:56:09.805653 ERROR [57824-57824][HYBM compose_transport_manager.cpp:215 UnregisterMemoryRegion] input address not register!
2026-08-10 20:56:09.805660 ERROR [57824-57824][HYBM hybm_data_op_device_urma.cpp:153 FreeSwapMemory] Failed to UnregisterMemoryRegion, ret: -2
2026-08-10 20:56:09.806193 DEBUG [57824-57824][HYBM hybm_va_manager.cpp:130 RemoveOneVaInfo] Removing VaInfo: AllocatedGvaInfo{gva: 0x0, size: 0x8000000, localRankId: 0, importRankId: 4294967295, memType: DEVICE, deviceVa: 0x12004e000000, hostVa: 0x0}
2026-08-10 20:56:09.806204 DEBUG [57824-57824][HYBM hybm_va_manager.cpp:141 RemoveOneVaInfo] RemoveOneGvaInfo success: gva=0x12004e000000 type=1
2026-08-10 20:56:09.806209 ERROR [57824-57824][HYBM hybm_compose_data_op.cpp:75 Initialize] HostDevice URMA data operator init failed, ret:-3
2026-08-10 20:56:09.806219 ERROR [57824-57824][HYBM hybm_entity_default.cpp:1290 InitDataOperator] Failed to init data operator ret:-3
2026-08-10 20:56:09.806224 ERROR [57824-57824][HYBM hybm_entity_default.cpp:132 Initialize] Assert InitDataOperator() == BM_OK, Failed to init data operator.
2026-08-10 20:56:09.806238 ERROR [57824-57824][HYBM hybm_big_mem_entry.cpp:35 hybm_create_entity] initialize entity failed, id: 64 flags: 0x0 ret: ffffffff
2026-08-10 20:56:09.806389 INFO [57824-57824][HYBM host_urma_transport_manager.cpp:178 CloseDevice] HostUrmaTransportManager closed, rankId: 0
2026-08-10 20:56:09.806413 ERROR [57824-57824][SMEM smem_bm_entry.cpp:151 Initialize] hybm_create_entity failed, entityId: 64 rankId: 0 flags: 0
2026-08-10 20:56:09.806457 INFO [57824-58037][SMEM smem_thread_pool.cpp:140 RunInThread] thread executor0 finished.
2026-08-10 20:56:09.806461 INFO [57824-58038][SMEM smem_thread_pool.cpp:140 RunInThread] thread executor1 finished.
2026-08-10 20:56:09.806534 DEBUG [57824-58035][SMEM smem_net_group_engine.cpp:963 GroupListenEvent] GroupListenEvent end, rank:0
2026-08-10 20:56:09.806595 DEBUG [57824-58036][SMEM smem_net_group_engine.cpp:1013 GroupListenLinkState] GroupListenLinkState end, rank:0
2026-08-10 20:56:09.806691 ERROR [57824-57824][SMEM smem_bm.cpp:313 smem_bm_create2_inner] entry init failed, result: -1
2026-08-10 20:56:09.806708 DEBUG [57824-57824][SMEM smem_bm_entry_manager.cpp:253 RemoveEntryByPtr] remove bm entry success, id: 0
2026-08-10 20:56:09.806719 ERROR [57824-57824][SMEM smem_bm.cpp:326 smem_bm_create2] smem_bm_create2 failed
2026-08-10 20:56:09.806780 DEBUG [57824-58025][SMEM smem_tcp_config_store_server.cpp:954 UnwatchHandler] UNWATCH key: BM_(0)_D_EVENT for linkId: 1
2026-08-10 20:56:09.806817 DEBUG [57824-58025][SMEM smem_tcp_config_store_server.cpp:949 UnwatchHandler] UNWATCH rank state for linkId: 1
[ERROR] stage=bm_create role=host rank=0 logical_device=5 runtime_device=0 physical_device=5 detail=bm.create2 failed: create bm handle failed.
2026-08-10 20:56:11.303780 INFO [57824-58033][SMEM smem_tcp_config_store.cpp:852 HeartBeat] TcpConfigStore heart beat thread exit.
2026-08-10 20:56:11.305225 DEBUG [57824-58031][AccLink acc_tcp_worker.cpp:183 RunInThread] Worker AccWrk:0 progress thread exiting
2026-08-10 20:56:11.308280 DEBUG [57824-58032][AccLink acc_tcp_worker.cpp:183 RunInThread] Worker AccWrk:1 progress thread exiting
2026-08-10 20:56:11.308399 DEBUG [57824-58025][AccLink acc_tcp_link_complex_default.h:364 HandlePollIn] Link 1 receive header failed, reset by peer, errno 0
2026-08-10 20:56:11.308415 DEBUG [57824-58025][AccLink acc_tcp_worker.cpp:238 ProcessPollIn] RCV broken on link 1, call linkBrokenHandle_
2026-08-10 20:56:11.308435 DEBUG [57824-58025][SMEM smem_tcp_config_store_server.cpp:282 LinkBrokenHandler] link broken, linkId: 1
2026-08-10 20:56:11.308468 INFO [57824-58025][SMEM smem_tcp_config_store_server.cpp:292 LinkBrokenHandler] link broken, linkId: 1 remove rankId: 0
2026-08-10 20:56:11.308484 INFO [57824-58025][SMEM smem_tcp_config_store_server.cpp:299 LinkBrokenHandler] all client link broken, will clear data
2026-08-10 20:56:11.404202 DEBUG [57824-58030][AccLink acc_tcp_link_delay_cleanup.h:131 RunInThread] AccDelay cleanup thread thread exiting
2026-08-10 20:56:11.404342 INFO [57824-57824][SMEM smem_tcp_config_store_server.cpp:126 Shutdown] start to shutdown Acc Store Server
2026-08-10 20:56:11.805906 WARN [57824-58026][AccLink acc_tcp_listener.cpp:151 RunInThread] Acc listener accept thread get stop signal, will exit...
2026-08-10 20:56:11.805939 INFO [57824-58026][AccLink acc_tcp_listener.cpp:182 RunInThread] Working thread for AccTcpStore listener at 127.0.0.1:8574 exiting
2026-08-10 20:56:12.305411 DEBUG [57824-58024][AccLink acc_tcp_worker.cpp:183 RunInThread] Worker AccWrk:0 progress thread exiting
2026-08-10 20:56:12.309407 DEBUG [57824-58025][AccLink acc_tcp_worker.cpp:183 RunInThread] Worker AccWrk:1 progress thread exiting
2026-08-10 20:56:12.404051 DEBUG [57824-58023][AccLink acc_tcp_link_delay_cleanup.h:131 RunInThread] AccDelay cleanup thread thread exiting
2026-08-10 20:56:12.404243 INFO [57824-58029][SMEM smem_tcp_config_store_server.cpp:1138 CheckerThreadTask] checker thread exit
2026-08-10 20:56:12.404361 INFO [57824-57824][SMEM smem_tcp_config_store_server.cpp:164 Shutdown] finished shutdown Acc Store Server
2026-08-10 20:56:12.436856 INFO [57824-57824][SMEM smem_bm.cpp:129 smem_bm_uninit] smem_bm_uninit finished
[ERROR] stage=bm_create_rollback role=host rank=0 logical_device=5 runtime_device=0 physical_device=5 detail=bm.uninitialize failed
[DEBUG] stage=cleanup role=host pid=57824 rank=0 logical_device=5 runtime_device=0 physical_device=5 detail=handle=False joined=False bm_initialized=False mf_initialized=True
[DEBUG] stage=cleanup role=host pid=57824 rank=0 logical_device=5 runtime_device=0 physical_device=5 detail=completed
[root@localhost memfabric_hybrid]# 
[root@localhost memfabric_hybrid]# 
[root@localhost memfabric_hybrid]# 
[root@localhost memfabric_hybrid]# 
[root@localhost memfabric_hybrid]# 
[root@localhost memfabric_hybrid]# 
[root@localhost memfabric_hybrid]# 
[root@localhost memfabric_hybrid]# 
[root@localhost memfabric_hybrid]# 
[root@localhost memfabric_hybrid]# 
[root@localhost memfabric_hybrid]# echo $MF_LOCAL_DRAM_LOGICAL_DEVICE_ID ^C
[root@localhost memfabric_hybrid]# echo $MF_LOCAL_DRAM_VALIDATION_ROLE
host
[root@localhost memfabric_hybrid]# 
